1~# Copyright 2020 Google LLC
#
# Licensed under the Apache License, Version 2.0 (the "License");
# you may not use this file except in compliance with the License.
# You may obtain a copy of the License at
#
#    https://www.apache.org/licenses/LICENSE-2.0
#
# Unless required by applicable law or agreed to in writing, software
# distributed under the License is distributed on an "AS IS" BASIS,
# WITHOUT WARRANTIES OR CONDITIONS OF ANY KIND, either express or implied.
# See the License for the specific language governing permissions and
# limitations under the License.

2~schema:3~
  4~type: 5~"array"
  6~items:7~
    8~type: 9~"object"
    10~properties:11~
      - 12~13~obj: # comment14~
          15~nested: 16~"value"
        17~desc: 18~"hello"
      - 19~20~obj:21~
          22~# comment
          nested: 23~"value"
