1~# Copyright 2020 Google LLC
#
# Licensed under the Apache License, Version 2.0 (the "License");
# you may not use this file except in compliance with the License.
# You may obtain a copy of the License at
#
#    https://www.apache.org/licenses/LICENSE-2.0
#
# Unless required by applicable law or agreed to in writing, software
# distributed under the License is distributed on an "AS IS" BASIS,
# WITHOUT WARRANTIES OR CONDITIONS OF ANY KIND, either express or implied.
# See the License for the specific language governing permissions and
# limitations under the License.

# instance comment

2~# version header
# version multi-line
apiVersion: 3~"policy.acme.co/v1" # version inline
# kind header

4~kind: 5~"CommentsTemplate" # kind inline
# kind footer

6~# metadata header
metadata: # metadata inline7~
  8~# name header
  name: 9~"CommentPolicy" # name inline
  # name footer
  # name footer multi-line

  10~# ns header
  namespace: 11~"ns" # ns inline
  # ns footer

# metadata footer

# instance footer

