1~# Copyright 2020 Google LLC
#
# Licensed under the Apache License, Version 2.0 (the "License");
# you may not use this file except in compliance with the License.
# You may obtain a copy of the License at
#
#    https://www.apache.org/licenses/LICENSE-2.0
#
# Unless required by applicable law or agreed to in writing, software
# distributed under the License is distributed on an "AS IS" BASIS,
# WITHOUT WARRANTIES OR CONDITIONS OF ANY KIND, either express or implied.
# See the License for the specific language governing permissions and
# limitations under the License.

2~apiVersion: 3~"policy.acme.co/v1"
4~kind: 5~"PolicyTemplate"
6~metadata:7~
  8~name: 9~"NoEvaluatorTemplate"
10~description: 11~>
  Template that with an empty evaluator and validator
12~validator:13~
  14~terms:15~
    16~noop: 17~""
  18~productions:19~
    - 20~21~match: 22~"noop"
23~evaluator: 24~
