1~# Copyright 2019 Google LLC
#
# Licensed under the Apache License, Version 2.0 (the "License");
# you may not use this file except in compliance with the License.
# You may obtain a copy of the License at
#
#    https://www.apache.org/licenses/LICENSE-2.0
#
# Unless required by applicable law or agreed to in writing, software
# distributed under the License is distributed on an "AS IS" BASIS,
# WITHOUT WARRANTIES OR CONDITIONS OF ANY KIND, either express or implied.
# See the License for the specific language governing permissions and
# limitations under the License.

2~apiVersion: 3~"policy.acme.co/v1"
4~kind: 5~"sensitive_data"
6~metadata:7~
  8~name: 9~"secret_acme_resources"
  10~namespace: 11~"acme"
12~rules:13~
  - 14~15~resource_prefixes:16~
      - 17~"/company/acme/secrets/"
      - 18~"/company/acme/research/anvils/"
      - 19~"/company/acme/contracts/"
    20~labels:21~
      22~sensitivity:23~
        - 24~"secret"
        - 25~"top-secret"
