1~# Copyright 2019 Google LLC
#
# Licensed under the Apache License, Version 2.0 (the "License");
# you may not use this file except in compliance with the License.
# You may obtain a copy of the License at
#
#    https://www.apache.org/licenses/LICENSE-2.0
#
# Unless required by applicable law or agreed to in writing, software
# distributed under the License is distributed on an "AS IS" BASIS,
# WITHOUT WARRANTIES OR CONDITIONS OF ANY KIND, either express or implied.
# See the License for the specific language governing permissions and
# limitations under the License.

2~apiVersion: 3~"policy.acme.co/v1"
4~kind: 5~"resource_types"
6~metadata:7~
  8~name: 9~"restricted_resource_types"
  10~namespace: 11~"acme"
12~selector:13~
  14~matchLabels:15~
    16~env: 17~"prod"
18~rules:19~
  - 20~21~mode: 22~"deny"
    23~resource_types:24~
      - 25~"sqladmin.googleapis.com/Instance"
      - 26~"compute.googleapis.com/Instance"
      - 27~"dataproc.googleapis.com/Job"
